// Jest Snapshot v1, https://goo.gl/fbAQLP

exports[`renders correctly 1`] = `
<form>
  <h2>
    test form title
  </h2>
  <h3>
    this is a test form
  </h3>
  <button
    onClick={[Function]}
  >
    Submit Me
  </button>
</form>
`;
