// Jest Snapshot v1, https://goo.gl/fbAQLP

exports[`rendering renders correctly 1`] = `
<div
  className="q20_node__boolean"
>
  <div
    className="q20_styledBooleanWidget__thisTestPath--container"
  >
    <button
      className="q20_styledBooleanWidget__thisTestPath--box"
      name="testBool"
      onClick={[Function]}
    />
  </div>
</div>
`;
