// Jest Snapshot v1, https://goo.gl/fbAQLP

exports[`rendering renders array types correctly 1`] = `
<div
  className="q20_node__array"
>
  <label
    className="q20_nodeArray__testArray--label"
    htmlFor="test_form.test_array"
  >
    test array
    <span
      className="q20_nodeArray__testArray--description"
      htmlFor="test_form.test_array"
    >
      A simple array
    </span>
  </label>
  <div
    className="q20_testArray__errorHandler"
  >
    <fieldset
      className="q20_nodeArray__testArray--fieldset"
    >
      <div>
        <div
          className="q20_node__string"
        >
          <div
            className="q20_testString__errorHandler"
          >
            <input
              className="q20_nodeString__testString--input"
              id="test_form.test_array.0.undefined.test string"
              onChange={[Function]}
              placeholder={undefined}
              type="text"
              value=""
            />
          </div>
        </div>
      </div>
    </fieldset>
  </div>
</div>
`;
